exports[`NetworkFilterDropdown should render correctly 1`] = `<div><div class="mm-box dropdown-editor__item-dropdown mm-box--padding-right-2 mm-box--padding-left-4 mm-box--display-flex mm-box--justify-content-space-between mm-box--align-items-center mm-box--rounded-lg mm-box--border-color-border-default mm-box--border-width-1 box--border-style-solid"><div class="mm-box mm-box--padding-top-3 mm-box--padding-bottom-3 mm-box--display-flex mm-box--gap-3 mm-box--justify-content-space-between mm-box--width-full"><div class="mm boxer"><p class="mm-text body-md-medium color-text-default">[currentNetwork]</p></div><div class="mm-display-flex align-items-flex-start"><div class="text body-sm text-transform-uppercase display-flex justify-content-center align-items-center color-text-default background-color-background-alternative rounded-md border-color-background-default border-width-1 box-border-style-solid avatar-base size-sm avatar-network"> <img alt="mockCurrentNetworkImageUrl logo" src="mockCurrentNetworkImageUrl" class="avatar-network__network-image"></img></div></div></div><button aria-label= "mockTitle" data-testid= "mockButtonDataTestId" class= "button-icon size-sm margin-left-auto display-inline-flex justify-content-center align-items-center color-icon-default background-color-transparent rounded-lg"><span style= "mask-image: url('./images/icons/arrow-up.svg');"class= "icon size-sm display-inline-block color-inherit"></span></button></di v ></d iv >`;
